Archive member included because of file (symbol)

/usr/lib/gcc/avr/4.8.2/avr25/libgcc.a(_exit.o)
                              /usr/lib/gcc/avr/4.8.2/../../../avr/lib/avr25/crttn44.o (exit)
/usr/lib/gcc/avr/4.8.2/avr25/libgcc.a(_udivmodhi4.o)
                              /tmp/ccgSazeS.ltrans0.ltrans.o (__udivmodhi4)
/usr/lib/gcc/avr/4.8.2/avr25/libgcc.a(_prologue.o)
                              /tmp/ccgSazeS.ltrans0.ltrans.o (__prologue_saves__)
/usr/lib/gcc/avr/4.8.2/avr25/libgcc.a(_epilogue.o)
                              /tmp/ccgSazeS.ltrans0.ltrans.o (__epilogue_restores__)
/usr/lib/gcc/avr/4.8.2/avr25/libgcc.a(_copy_data.o)
                              /tmp/ccgSazeS.ltrans0.ltrans.o (__do_copy_data)
/usr/lib/gcc/avr/4.8.2/../../../avr/lib/avr25/libm.a(addsf3.o)
                              /tmp/ccgSazeS.ltrans0.ltrans.o (__subsf3)
/usr/lib/gcc/avr/4.8.2/../../../avr/lib/avr25/libm.a(addsf3x.o)
                              /usr/lib/gcc/avr/4.8.2/../../../avr/lib/avr25/libm.a(addsf3.o) (__addsf3x)
/usr/lib/gcc/avr/4.8.2/../../../avr/lib/avr25/libm.a(divsf3.o)
                              /tmp/ccgSazeS.ltrans0.ltrans.o (__divsf3)
/usr/lib/gcc/avr/4.8.2/../../../avr/lib/avr25/libm.a(divsf3x.o)
                              /usr/lib/gcc/avr/4.8.2/../../../avr/lib/avr25/libm.a(divsf3.o) (__divsf3x)
/usr/lib/gcc/avr/4.8.2/../../../avr/lib/avr25/libm.a(fixunssfsi.o)
                              /tmp/ccgSazeS.ltrans0.ltrans.o (__fixunssfsi)
/usr/lib/gcc/avr/4.8.2/../../../avr/lib/avr25/libm.a(floatsisf.o)
                              /tmp/ccgSazeS.ltrans0.ltrans.o (__floatunsisf)
/usr/lib/gcc/avr/4.8.2/../../../avr/lib/avr25/libm.a(fp_inf.o)
                              /usr/lib/gcc/avr/4.8.2/../../../avr/lib/avr25/libm.a(addsf3x.o) (__fp_inf)
/usr/lib/gcc/avr/4.8.2/../../../avr/lib/avr25/libm.a(fp_nan.o)
                              /usr/lib/gcc/avr/4.8.2/../../../avr/lib/avr25/libm.a(addsf3x.o) (__fp_nan)
/usr/lib/gcc/avr/4.8.2/../../../avr/lib/avr25/libm.a(fp_pscA.o)
                              /usr/lib/gcc/avr/4.8.2/../../../avr/lib/avr25/libm.a(addsf3x.o) (__fp_pscA)
/usr/lib/gcc/avr/4.8.2/../../../avr/lib/avr25/libm.a(fp_pscB.o)
                              /usr/lib/gcc/avr/4.8.2/../../../avr/lib/avr25/libm.a(addsf3x.o) (__fp_pscB)
/usr/lib/gcc/avr/4.8.2/../../../avr/lib/avr25/libm.a(fp_round.o)
                              /usr/lib/gcc/avr/4.8.2/../../../avr/lib/avr25/libm.a(addsf3.o) (__fp_round)
/usr/lib/gcc/avr/4.8.2/../../../avr/lib/avr25/libm.a(fp_split3.o)
                              /usr/lib/gcc/avr/4.8.2/../../../avr/lib/avr25/libm.a(addsf3x.o) (__fp_split3)
/usr/lib/gcc/avr/4.8.2/../../../avr/lib/avr25/libm.a(fp_zero.o)
                              /usr/lib/gcc/avr/4.8.2/../../../avr/lib/avr25/libm.a(addsf3x.o) (__fp_zero)
/usr/lib/gcc/avr/4.8.2/../../../avr/lib/avr25/libm.a(mulsf3.o)
                              /tmp/ccgSazeS.ltrans0.ltrans.o (__mulsf3)
/usr/lib/gcc/avr/4.8.2/../../../avr/lib/avr25/libm.a(mulsf3x.o)
                              /usr/lib/gcc/avr/4.8.2/../../../avr/lib/avr25/libm.a(mulsf3.o) (__mulsf3x)
/usr/lib/gcc/avr/4.8.2/../../../avr/lib/avr25/libc.a(printf.o)
                              /tmp/ccgSazeS.ltrans0.ltrans.o (printf)
/usr/lib/gcc/avr/4.8.2/../../../avr/lib/avr25/libc.a(vfprintf_std.o)
                              /usr/lib/gcc/avr/4.8.2/../../../avr/lib/avr25/libc.a(printf.o) (vfprintf)
/usr/lib/gcc/avr/4.8.2/../../../avr/lib/avr25/libc.a(strnlen_P.o)
                              /usr/lib/gcc/avr/4.8.2/../../../avr/lib/avr25/libc.a(vfprintf_std.o) (strnlen_P)
/usr/lib/gcc/avr/4.8.2/../../../avr/lib/avr25/libc.a(strnlen.o)
                              /usr/lib/gcc/avr/4.8.2/../../../avr/lib/avr25/libc.a(vfprintf_std.o) (strnlen)
/usr/lib/gcc/avr/4.8.2/../../../avr/lib/avr25/libc.a(fputc.o)
                              /usr/lib/gcc/avr/4.8.2/../../../avr/lib/avr25/libc.a(vfprintf_std.o) (fputc)
/usr/lib/gcc/avr/4.8.2/../../../avr/lib/avr25/libc.a(iob.o)
                              /usr/lib/gcc/avr/4.8.2/../../../avr/lib/avr25/libc.a(printf.o) (__iob)
/usr/lib/gcc/avr/4.8.2/../../../avr/lib/avr25/libc.a(ultoa_invert.o)
                              /usr/lib/gcc/avr/4.8.2/../../../avr/lib/avr25/libc.a(vfprintf_std.o) (__ultoa_invert)
/usr/lib/gcc/avr/4.8.2/avr25/libgcc.a(_mulqi3.o)
                              /usr/lib/gcc/avr/4.8.2/../../../avr/lib/avr25/libc.a(vfprintf_std.o) (__mulqi3)
/usr/lib/gcc/avr/4.8.2/avr25/libgcc.a(_clear_bss.o)
                              /usr/lib/gcc/avr/4.8.2/../../../avr/lib/avr25/libc.a(iob.o) (__do_clear_bss)

Allocating common symbols
Common symbol       size              file

__iob               0x6               /usr/lib/gcc/avr/4.8.2/../../../avr/lib/avr25/libc.a(iob.o)

Discarded input sections

 .text          0x0000000000000000        0x0 /tmp/ccCPXZVh.o (symbol from plugin)
 .text          0x0000000000000000        0x0 /tmp/ccvZrXsN.o (symbol from plugin)
 .text          0x0000000000000000        0x0 /tmp/cc8rwa5i.o (symbol from plugin)
 .text          0x0000000000000000        0x0 /tmp/ccfunwNO.o (symbol from plugin)

Memory Configuration

Name             Origin             Length             Attributes
text             0x0000000000000000 0x0000000000002000 xr
data             0x0000000000800060 0x000000000000ffa0 rw !x
eeprom           0x0000000000810000 0x0000000000010000 rw !x
fuse             0x0000000000820000 0x0000000000000400 rw !x
lock             0x0000000000830000 0x0000000000000400 rw !x
signature        0x0000000000840000 0x0000000000000400 rw !x
user_signatures  0x0000000000850000 0x0000000000000400 rw !x
*default*        0x0000000000000000 0xffffffffffffffff

Linker script and memory map

LOAD /usr/lib/gcc/avr/4.8.2/../../../avr/lib/avr25/crttn44.o
LOAD /tmp/ccCPXZVh.o
LOAD /tmp/ccgSazeS.ltrans0.ltrans.o
LOAD /usr/lib/gcc/avr/4.8.2/avr25/libgcc.a
LOAD /usr/lib/gcc/avr/4.8.2/../../../avr/lib/avr25/libm.a
LOAD /usr/lib/gcc/avr/4.8.2/../../../avr/lib/avr25/libc.a
LOAD /tmp/ccvZrXsN.o
LOAD /tmp/cc8rwa5i.o
LOAD /tmp/ccfunwNO.o
START GROUP
LOAD /usr/lib/gcc/avr/4.8.2/avr25/libgcc.a
LOAD /usr/lib/gcc/avr/4.8.2/../../../avr/lib/avr25/libm.a
LOAD /usr/lib/gcc/avr/4.8.2/../../../avr/lib/avr25/libc.a
END GROUP

.hash
 *(.hash)

.dynsym
 *(.dynsym)

.dynstr
 *(.dynstr)

.gnu.version
 *(.gnu.version)

.gnu.version_d
 *(.gnu.version_d)

.gnu.version_r
 *(.gnu.version_r)

.rel.init
 *(.rel.init)

.rela.init
 *(.rela.init)

.rel.text
 *(.rel.text)
 *(.rel.text.*)
 *(.rel.gnu.linkonce.t*)

.rela.text
 *(.rela.text)
 *(.rela.text.*)
 *(.rela.gnu.linkonce.t*)

.rel.fini
 *(.rel.fini)

.rela.fini
 *(.rela.fini)

.rel.rodata
 *(.rel.rodata)
 *(.rel.rodata.*)
 *(.rel.gnu.linkonce.r*)

.rela.rodata
 *(.rela.rodata)
 *(.rela.rodata.*)
 *(.rela.gnu.linkonce.r*)

.rel.data
 *(.rel.data)
 *(.rel.data.*)
 *(.rel.gnu.linkonce.d*)

.rela.data
 *(.rela.data)
 *(.rela.data.*)
 *(.rela.gnu.linkonce.d*)

.rel.ctors
 *(.rel.ctors)

.rela.ctors
 *(.rela.ctors)

.rel.dtors
 *(.rel.dtors)

.rela.dtors
 *(.rela.dtors)

.rel.got
 *(.rel.got)

.rela.got
 *(.rela.got)

.rel.bss
 *(.rel.bss)

.rela.bss
 *(.rela.bss)

.rel.plt
 *(.rel.plt)

.rela.plt
 *(.rela.plt)

.text           0x0000000000000000      0xce6
 *(.vectors)
 .vectors       0x0000000000000000       0x22 /usr/lib/gcc/avr/4.8.2/../../../avr/lib/avr25/crttn44.o
                0x0000000000000000                __vectors
                0x0000000000000000                __vector_default
 *(.vectors)
 *(.progmem.gcc*)
 *(.progmem*)
                0x0000000000000022                . = ALIGN (0x2)
                0x0000000000000022                __trampolines_start = .
 *(.trampolines)
 .trampolines   0x0000000000000022        0x0 linker stubs
 *(.trampolines*)
                0x0000000000000022                __trampolines_end = .
 *(.jumptables)
 *(.jumptables*)
 *(.lowtext)
 *(.lowtext*)
                0x0000000000000022                __ctors_start = .
 *(.ctors)
                0x0000000000000022                __ctors_end = .
                0x0000000000000022                __dtors_start = .
 *(.dtors)
                0x0000000000000022                __dtors_end = .
 SORT(*)(.ctors)
 SORT(*)(.dtors)
 *(.init0)
 .init0         0x0000000000000022        0x0 /usr/lib/gcc/avr/4.8.2/../../../avr/lib/avr25/crttn44.o
                0x0000000000000022                __init
 *(.init0)
 *(.init1)
 *(.init1)
 *(.init2)
 .init2         0x0000000000000022        0xc /usr/lib/gcc/avr/4.8.2/../../../avr/lib/avr25/crttn44.o
 *(.init2)
 *(.init3)
 *(.init3)
 *(.init4)
 .init4         0x000000000000002e       0x16 /usr/lib/gcc/avr/4.8.2/avr25/libgcc.a(_copy_data.o)
                0x000000000000002e                __do_copy_data
 .init4         0x0000000000000044       0x10 /usr/lib/gcc/avr/4.8.2/avr25/libgcc.a(_clear_bss.o)
                0x0000000000000044                __do_clear_bss
 *(.init4)
 *(.init5)
 *(.init5)
 *(.init6)
 *(.init6)
 *(.init7)
 *(.init7)
 *(.init8)
 *(.init8)
 *(.init9)
 .init9         0x0000000000000054        0x4 /usr/lib/gcc/avr/4.8.2/../../../avr/lib/avr25/crttn44.o
 *(.init9)
 *(.text)
 .text          0x0000000000000058        0x2 /usr/lib/gcc/avr/4.8.2/../../../avr/lib/avr25/crttn44.o
                0x0000000000000058                __vector_1
                0x0000000000000058                __vector_12
                0x0000000000000058                __bad_interrupt
                0x0000000000000058                __vector_6
                0x0000000000000058                __vector_3
                0x0000000000000058                __vector_11
                0x0000000000000058                __vector_13
                0x0000000000000058                __vector_7
                0x0000000000000058                __vector_5
                0x0000000000000058                __vector_4
                0x0000000000000058                __vector_9
                0x0000000000000058                __vector_2
                0x0000000000000058                __vector_15
                0x0000000000000058                __vector_8
                0x0000000000000058                __vector_14
                0x0000000000000058                __vector_10
                0x0000000000000058                __vector_16
 .text          0x000000000000005a      0x1b2 /tmp/ccgSazeS.ltrans0.ltrans.o
 .text          0x000000000000020c        0x0 /usr/lib/gcc/avr/4.8.2/avr25/libgcc.a(_udivmodhi4.o)
 .text          0x000000000000020c        0x0 /usr/lib/gcc/avr/4.8.2/avr25/libgcc.a(_prologue.o)
 .text          0x000000000000020c        0x0 /usr/lib/gcc/avr/4.8.2/avr25/libgcc.a(_epilogue.o)
 .text          0x000000000000020c        0x0 /usr/lib/gcc/avr/4.8.2/avr25/libgcc.a(_copy_data.o)
 .text          0x000000000000020c        0x0 /usr/lib/gcc/avr/4.8.2/../../../avr/lib/avr25/libm.a(addsf3.o)
 .text          0x000000000000020c        0x0 /usr/lib/gcc/avr/4.8.2/../../../avr/lib/avr25/libm.a(addsf3x.o)
 .text          0x000000000000020c        0x0 /usr/lib/gcc/avr/4.8.2/../../../avr/lib/avr25/libm.a(divsf3.o)
 .text          0x000000000000020c        0x0 /usr/lib/gcc/avr/4.8.2/../../../avr/lib/avr25/libm.a(divsf3x.o)
 .text          0x000000000000020c        0x0 /usr/lib/gcc/avr/4.8.2/../../../avr/lib/avr25/libm.a(fixunssfsi.o)
 .text          0x000000000000020c        0x0 /usr/lib/gcc/avr/4.8.2/../../../avr/lib/avr25/libm.a(floatsisf.o)
 .text          0x000000000000020c        0x0 /usr/lib/gcc/avr/4.8.2/../../../avr/lib/avr25/libm.a(fp_inf.o)
 .text          0x000000000000020c        0x0 /usr/lib/gcc/avr/4.8.2/../../../avr/lib/avr25/libm.a(fp_nan.o)
 .text          0x000000000000020c        0x0 /usr/lib/gcc/avr/4.8.2/../../../avr/lib/avr25/libm.a(fp_pscA.o)
 .text          0x000000000000020c        0x0 /usr/lib/gcc/avr/4.8.2/../../../avr/lib/avr25/libm.a(fp_pscB.o)
 .text          0x000000000000020c        0x0 /usr/lib/gcc/avr/4.8.2/../../../avr/lib/avr25/libm.a(fp_round.o)
 .text          0x000000000000020c        0x0 /usr/lib/gcc/avr/4.8.2/../../../avr/lib/avr25/libm.a(fp_split3.o)
 .text          0x000000000000020c        0x0 /usr/lib/gcc/avr/4.8.2/../../../avr/lib/avr25/libm.a(fp_zero.o)
 .text          0x000000000000020c        0x0 /usr/lib/gcc/avr/4.8.2/../../../avr/lib/avr25/libm.a(mulsf3.o)
 .text          0x000000000000020c        0x0 /usr/lib/gcc/avr/4.8.2/../../../avr/lib/avr25/libm.a(mulsf3x.o)
 .text          0x000000000000020c        0x0 /usr/lib/gcc/avr/4.8.2/../../../avr/lib/avr25/libc.a(printf.o)
 .text          0x000000000000020c        0x0 /usr/lib/gcc/avr/4.8.2/../../../avr/lib/avr25/libc.a(vfprintf_std.o)
 .text          0x000000000000020c        0x0 /usr/lib/gcc/avr/4.8.2/../../../avr/lib/avr25/libc.a(strnlen_P.o)
 .text          0x000000000000020c        0x0 /usr/lib/gcc/avr/4.8.2/../../../avr/lib/avr25/libc.a(strnlen.o)
 .text          0x000000000000020c        0x0 /usr/lib/gcc/avr/4.8.2/../../../avr/lib/avr25/libc.a(fputc.o)
 .text          0x000000000000020c        0x0 /usr/lib/gcc/avr/4.8.2/../../../avr/lib/avr25/libc.a(iob.o)
 .text          0x000000000000020c        0x0 /usr/lib/gcc/avr/4.8.2/../../../avr/lib/avr25/libc.a(ultoa_invert.o)
 .text          0x000000000000020c        0x0 /usr/lib/gcc/avr/4.8.2/avr25/libgcc.a(_exit.o)
 .text          0x000000000000020c        0x0 /usr/lib/gcc/avr/4.8.2/avr25/libgcc.a(_mulqi3.o)
 .text          0x000000000000020c        0x0 /usr/lib/gcc/avr/4.8.2/avr25/libgcc.a(_clear_bss.o)
                0x000000000000020c                . = ALIGN (0x2)
 *(.text.*)
 .text.startup  0x000000000000020c      0x152 /tmp/ccgSazeS.ltrans0.ltrans.o
                0x000000000000020c                main
 .text.libgcc.mul
                0x000000000000035e        0x0 /usr/lib/gcc/avr/4.8.2/avr25/libgcc.a(_udivmodhi4.o)
 .text.libgcc.div
                0x000000000000035e       0x28 /usr/lib/gcc/avr/4.8.2/avr25/libgcc.a(_udivmodhi4.o)
                0x000000000000035e                __udivmodhi4
 .text.libgcc   0x0000000000000386        0x0 /usr/lib/gcc/avr/4.8.2/avr25/libgcc.a(_udivmodhi4.o)
 .text.libgcc.prologue
                0x0000000000000386        0x0 /usr/lib/gcc/avr/4.8.2/avr25/libgcc.a(_udivmodhi4.o)
 .text.libgcc.builtins
                0x0000000000000386        0x0 /usr/lib/gcc/avr/4.8.2/avr25/libgcc.a(_udivmodhi4.o)
 .text.libgcc.fmul
                0x0000000000000386        0x0 /usr/lib/gcc/avr/4.8.2/avr25/libgcc.a(_udivmodhi4.o)
 .text.libgcc.fixed
                0x0000000000000386        0x0 /usr/lib/gcc/avr/4.8.2/avr25/libgcc.a(_udivmodhi4.o)
 .text.libgcc.mul
                0x0000000000000386        0x0 /usr/lib/gcc/avr/4.8.2/avr25/libgcc.a(_prologue.o)
 .text.libgcc.div
                0x0000000000000386        0x0 /usr/lib/gcc/avr/4.8.2/avr25/libgcc.a(_prologue.o)
 .text.libgcc   0x0000000000000386        0x0 /usr/lib/gcc/avr/4.8.2/avr25/libgcc.a(_prologue.o)
 .text.libgcc.prologue
                0x0000000000000386       0x38 /usr/lib/gcc/avr/4.8.2/avr25/libgcc.a(_prologue.o)
                0x0000000000000386                __prologue_saves__
 .text.libgcc.builtins
                0x00000000000003be        0x0 /usr/lib/gcc/avr/4.8.2/avr25/libgcc.a(_prologue.o)
 .text.libgcc.fmul
                0x00000000000003be        0x0 /usr/lib/gcc/avr/4.8.2/avr25/libgcc.a(_prologue.o)
 .text.libgcc.fixed
                0x00000000000003be        0x0 /usr/lib/gcc/avr/4.8.2/avr25/libgcc.a(_prologue.o)
 .text.libgcc.mul
                0x00000000000003be        0x0 /usr/lib/gcc/avr/4.8.2/avr25/libgcc.a(_epilogue.o)
 .text.libgcc.div
                0x00000000000003be        0x0 /usr/lib/gcc/avr/4.8.2/avr25/libgcc.a(_epilogue.o)
 .text.libgcc   0x00000000000003be        0x0 /usr/lib/gcc/avr/4.8.2/avr25/libgcc.a(_epilogue.o)
 .text.libgcc.prologue
                0x00000000000003be       0x36 /usr/lib/gcc/avr/4.8.2/avr25/libgcc.a(_epilogue.o)
                0x00000000000003be                __epilogue_restores__
 .text.libgcc.builtins
                0x00000000000003f4        0x0 /usr/lib/gcc/avr/4.8.2/avr25/libgcc.a(_epilogue.o)
 .text.libgcc.fmul
                0x00000000000003f4        0x0 /usr/lib/gcc/avr/4.8.2/avr25/libgcc.a(_epilogue.o)
 .text.libgcc.fixed
                0x00000000000003f4        0x0 /usr/lib/gcc/avr/4.8.2/avr25/libgcc.a(_epilogue.o)
 .text.libgcc.mul
                0x00000000000003f4        0x0 /usr/lib/gcc/avr/4.8.2/avr25/libgcc.a(_copy_data.o)
 .text.libgcc.div
                0x00000000000003f4        0x0 /usr/lib/gcc/avr/4.8.2/avr25/libgcc.a(_copy_data.o)
 .text.libgcc   0x00000000000003f4        0x0 /usr/lib/gcc/avr/4.8.2/avr25/libgcc.a(_copy_data.o)
 .text.libgcc.prologue
                0x00000000000003f4        0x0 /usr/lib/gcc/avr/4.8.2/avr25/libgcc.a(_copy_data.o)
 .text.libgcc.builtins
                0x00000000000003f4        0x0 /usr/lib/gcc/avr/4.8.2/avr25/libgcc.a(_copy_data.o)
 .text.libgcc.fmul
                0x00000000000003f4        0x0 /usr/lib/gcc/avr/4.8.2/avr25/libgcc.a(_copy_data.o)
 .text.libgcc.fixed
                0x00000000000003f4        0x0 /usr/lib/gcc/avr/4.8.2/avr25/libgcc.a(_copy_data.o)
 .text.avr-libc.fplib
                0x00000000000003f4        0xa /usr/lib/gcc/avr/4.8.2/../../../avr/lib/avr25/libm.a(addsf3.o)
                0x00000000000003f4                __subsf3
                0x00000000000003f6                __addsf3
 .text.avr-libc.fplib
                0x00000000000003fe       0xc0 /usr/lib/gcc/avr/4.8.2/../../../avr/lib/avr25/libm.a(addsf3x.o)
                0x0000000000000418                __addsf3x
 .text.avr-libc.fplib
                0x00000000000004be        0x4 /usr/lib/gcc/avr/4.8.2/../../../avr/lib/avr25/libm.a(divsf3.o)
                0x00000000000004be                __divsf3
 .text.avr-libc.fplib
                0x00000000000004c2       0xcc /usr/lib/gcc/avr/4.8.2/../../../avr/lib/avr25/libm.a(divsf3x.o)
                0x00000000000004d8                __divsf3x
                0x00000000000004dc                __divsf3_pse
 .text.avr-libc.fplib
                0x000000000000058e       0x58 /usr/lib/gcc/avr/4.8.2/../../../avr/lib/avr25/libm.a(fixunssfsi.o)
                0x000000000000058e                __fixunssfsi
 .text.avr-libc.fplib
                0x00000000000005e6       0x7a /usr/lib/gcc/avr/4.8.2/../../../avr/lib/avr25/libm.a(floatsisf.o)
                0x00000000000005e6                __floatunsisf
                0x00000000000005ea                __floatsisf
 .text.avr-libc.fplib
                0x0000000000000660        0xc /usr/lib/gcc/avr/4.8.2/../../../avr/lib/avr25/libm.a(fp_inf.o)
                0x0000000000000660                __fp_inf
 .text.avr-libc.fplib
                0x000000000000066c        0x6 /usr/lib/gcc/avr/4.8.2/../../../avr/lib/avr25/libm.a(fp_nan.o)
                0x000000000000066c                __fp_nan
 .text.avr-libc.fplib
                0x0000000000000672        0xe /usr/lib/gcc/avr/4.8.2/../../../avr/lib/avr25/libm.a(fp_pscA.o)
                0x0000000000000672                __fp_pscA
 .text.avr-libc.fplib
                0x0000000000000680        0xe /usr/lib/gcc/avr/4.8.2/../../../avr/lib/avr25/libm.a(fp_pscB.o)
                0x0000000000000680                __fp_pscB
 .text.avr-libc.fplib
                0x000000000000068e       0x22 /usr/lib/gcc/avr/4.8.2/../../../avr/lib/avr25/libm.a(fp_round.o)
                0x000000000000068e                __fp_round
 .text.avr-libc.fplib
                0x00000000000006b0       0x44 /usr/lib/gcc/avr/4.8.2/../../../avr/lib/avr25/libm.a(fp_split3.o)
                0x00000000000006b0                __fp_split3
                0x00000000000006c0                __fp_splitA
 .text.avr-libc.fplib
                0x00000000000006f4        0xe /usr/lib/gcc/avr/4.8.2/../../../avr/lib/avr25/libm.a(fp_zero.o)
                0x00000000000006f4                __fp_zero
                0x00000000000006f6                __fp_szero
 .text.avr-libc.fplib
                0x0000000000000702        0x4 /usr/lib/gcc/avr/4.8.2/../../../avr/lib/avr25/libm.a(mulsf3.o)
                0x0000000000000702                __mulsf3
 .text.avr-libc.fplib
                0x0000000000000706       0xd2 /usr/lib/gcc/avr/4.8.2/../../../avr/lib/avr25/libm.a(mulsf3x.o)
                0x0000000000000718                __mulsf3x
                0x000000000000071c                __mulsf3_pse
 .text.avr-libc
                0x00000000000007d8       0x22 /usr/lib/gcc/avr/4.8.2/../../../avr/lib/avr25/libc.a(printf.o)
                0x00000000000007d8                printf
 .text.avr-libc
                0x00000000000007fa      0x386 /usr/lib/gcc/avr/4.8.2/../../../avr/lib/avr25/libc.a(vfprintf_std.o)
                0x00000000000007fa                vfprintf
 .text.avr-libc
                0x0000000000000b80       0x16 /usr/lib/gcc/avr/4.8.2/../../../avr/lib/avr25/libc.a(strnlen_P.o)
                0x0000000000000b80                strnlen_P
 .text.avr-libc
                0x0000000000000b96       0x16 /usr/lib/gcc/avr/4.8.2/../../../avr/lib/avr25/libc.a(strnlen.o)
                0x0000000000000b96                strnlen
 .text.avr-libc
                0x0000000000000bac       0x64 /usr/lib/gcc/avr/4.8.2/../../../avr/lib/avr25/libc.a(fputc.o)
                0x0000000000000bac                fputc
 .text.avr-libc
                0x0000000000000c10       0xc0 /usr/lib/gcc/avr/4.8.2/../../../avr/lib/avr25/libc.a(ultoa_invert.o)
                0x0000000000000c10                __ultoa_invert
 .text.libgcc.mul
                0x0000000000000cd0        0x0 /usr/lib/gcc/avr/4.8.2/avr25/libgcc.a(_exit.o)
 .text.libgcc.div
                0x0000000000000cd0        0x0 /usr/lib/gcc/avr/4.8.2/avr25/libgcc.a(_exit.o)
 .text.libgcc   0x0000000000000cd0        0x0 /usr/lib/gcc/avr/4.8.2/avr25/libgcc.a(_exit.o)
 .text.libgcc.prologue
                0x0000000000000cd0        0x0 /usr/lib/gcc/avr/4.8.2/avr25/libgcc.a(_exit.o)
 .text.libgcc.builtins
                0x0000000000000cd0        0x0 /usr/lib/gcc/avr/4.8.2/avr25/libgcc.a(_exit.o)
 .text.libgcc.fmul
                0x0000000000000cd0        0x0 /usr/lib/gcc/avr/4.8.2/avr25/libgcc.a(_exit.o)
 .text.libgcc.fixed
                0x0000000000000cd0        0x0 /usr/lib/gcc/avr/4.8.2/avr25/libgcc.a(_exit.o)
 .text.libgcc.mul
                0x0000000000000cd0       0x12 /usr/lib/gcc/avr/4.8.2/avr25/libgcc.a(_mulqi3.o)
                0x0000000000000cd0                __mulqi3
 .text.libgcc.div
                0x0000000000000ce2        0x0 /usr/lib/gcc/avr/4.8.2/avr25/libgcc.a(_mulqi3.o)
 .text.libgcc   0x0000000000000ce2        0x0 /usr/lib/gcc/avr/4.8.2/avr25/libgcc.a(_mulqi3.o)
 .text.libgcc.prologue
                0x0000000000000ce2        0x0 /usr/lib/gcc/avr/4.8.2/avr25/libgcc.a(_mulqi3.o)
 .text.libgcc.builtins
                0x0000000000000ce2        0x0 /usr/lib/gcc/avr/4.8.2/avr25/libgcc.a(_mulqi3.o)
 .text.libgcc.fmul
                0x0000000000000ce2        0x0 /usr/lib/gcc/avr/4.8.2/avr25/libgcc.a(_mulqi3.o)
 .text.libgcc.fixed
                0x0000000000000ce2        0x0 /usr/lib/gcc/avr/4.8.2/avr25/libgcc.a(_mulqi3.o)
 .text.libgcc.mul
                0x0000000000000ce2        0x0 /usr/lib/gcc/avr/4.8.2/avr25/libgcc.a(_clear_bss.o)
 .text.libgcc.div
                0x0000000000000ce2        0x0 /usr/lib/gcc/avr/4.8.2/avr25/libgcc.a(_clear_bss.o)
 .text.libgcc   0x0000000000000ce2        0x0 /usr/lib/gcc/avr/4.8.2/avr25/libgcc.a(_clear_bss.o)
 .text.libgcc.prologue
                0x0000000000000ce2        0x0 /usr/lib/gcc/avr/4.8.2/avr25/libgcc.a(_clear_bss.o)
 .text.libgcc.builtins
                0x0000000000000ce2        0x0 /usr/lib/gcc/avr/4.8.2/avr25/libgcc.a(_clear_bss.o)
 .text.libgcc.fmul
                0x0000000000000ce2        0x0 /usr/lib/gcc/avr/4.8.2/avr25/libgcc.a(_clear_bss.o)
 .text.libgcc.fixed
                0x0000000000000ce2        0x0 /usr/lib/gcc/avr/4.8.2/avr25/libgcc.a(_clear_bss.o)
                0x0000000000000ce2                . = ALIGN (0x2)
 *(.fini9)
 .fini9         0x0000000000000ce2        0x0 /usr/lib/gcc/avr/4.8.2/avr25/libgcc.a(_exit.o)
                0x0000000000000ce2                exit
                0x0000000000000ce2                _exit
 *(.fini9)
 *(.fini8)
 *(.fini8)
 *(.fini7)
 *(.fini7)
 *(.fini6)
 *(.fini6)
 *(.fini5)
 *(.fini5)
 *(.fini4)
 *(.fini4)
 *(.fini3)
 *(.fini3)
 *(.fini2)
 *(.fini2)
 *(.fini1)
 *(.fini1)
 *(.fini0)
 .fini0         0x0000000000000ce2        0x4 /usr/lib/gcc/avr/4.8.2/avr25/libgcc.a(_exit.o)
 *(.fini0)
                0x0000000000000ce6                _etext = .

.data           0x0000000000800060       0x16 load address 0x0000000000000ce6
                0x0000000000800060                PROVIDE (__data_start, .)
 *(.data)
 .data          0x0000000000800060        0x0 /usr/lib/gcc/avr/4.8.2/../../../avr/lib/avr25/crttn44.o
 .data          0x0000000000800060        0x0 /tmp/ccgSazeS.ltrans0.ltrans.o
 .data          0x0000000000800060        0x0 /usr/lib/gcc/avr/4.8.2/avr25/libgcc.a(_udivmodhi4.o)
 .data          0x0000000000800060        0x0 /usr/lib/gcc/avr/4.8.2/avr25/libgcc.a(_prologue.o)
 .data          0x0000000000800060        0x0 /usr/lib/gcc/avr/4.8.2/avr25/libgcc.a(_epilogue.o)
 .data          0x0000000000800060        0x0 /usr/lib/gcc/avr/4.8.2/avr25/libgcc.a(_copy_data.o)
 .data          0x0000000000800060        0x0 /usr/lib/gcc/avr/4.8.2/../../../avr/lib/avr25/libm.a(addsf3.o)
 .data          0x0000000000800060        0x0 /usr/lib/gcc/avr/4.8.2/../../../avr/lib/avr25/libm.a(addsf3x.o)
 .data          0x0000000000800060        0x0 /usr/lib/gcc/avr/4.8.2/../../../avr/lib/avr25/libm.a(divsf3.o)
 .data          0x0000000000800060        0x0 /usr/lib/gcc/avr/4.8.2/../../../avr/lib/avr25/libm.a(divsf3x.o)
 .data          0x0000000000800060        0x0 /usr/lib/gcc/avr/4.8.2/../../../avr/lib/avr25/libm.a(fixunssfsi.o)
 .data          0x0000000000800060        0x0 /usr/lib/gcc/avr/4.8.2/../../../avr/lib/avr25/libm.a(floatsisf.o)
 .data          0x0000000000800060        0x0 /usr/lib/gcc/avr/4.8.2/../../../avr/lib/avr25/libm.a(fp_inf.o)
 .data          0x0000000000800060        0x0 /usr/lib/gcc/avr/4.8.2/../../../avr/lib/avr25/libm.a(fp_nan.o)
 .data          0x0000000000800060        0x0 /usr/lib/gcc/avr/4.8.2/../../../avr/lib/avr25/libm.a(fp_pscA.o)
 .data          0x0000000000800060        0x0 /usr/lib/gcc/avr/4.8.2/../../../avr/lib/avr25/libm.a(fp_pscB.o)
 .data          0x0000000000800060        0x0 /usr/lib/gcc/avr/4.8.2/../../../avr/lib/avr25/libm.a(fp_round.o)
 .data          0x0000000000800060        0x0 /usr/lib/gcc/avr/4.8.2/../../../avr/lib/avr25/libm.a(fp_split3.o)
 .data          0x0000000000800060        0x0 /usr/lib/gcc/avr/4.8.2/../../../avr/lib/avr25/libm.a(fp_zero.o)
 .data          0x0000000000800060        0x0 /usr/lib/gcc/avr/4.8.2/../../../avr/lib/avr25/libm.a(mulsf3.o)
 .data          0x0000000000800060        0x0 /usr/lib/gcc/avr/4.8.2/../../../avr/lib/avr25/libm.a(mulsf3x.o)
 .data          0x0000000000800060        0x0 /usr/lib/gcc/avr/4.8.2/../../../avr/lib/avr25/libc.a(printf.o)
 .data          0x0000000000800060        0x0 /usr/lib/gcc/avr/4.8.2/../../../avr/lib/avr25/libc.a(vfprintf_std.o)
 .data          0x0000000000800060        0x0 /usr/lib/gcc/avr/4.8.2/../../../avr/lib/avr25/libc.a(strnlen_P.o)
 .data          0x0000000000800060        0x0 /usr/lib/gcc/avr/4.8.2/../../../avr/lib/avr25/libc.a(strnlen.o)
 .data          0x0000000000800060        0x0 /usr/lib/gcc/avr/4.8.2/../../../avr/lib/avr25/libc.a(fputc.o)
 .data          0x0000000000800060        0x0 /usr/lib/gcc/avr/4.8.2/../../../avr/lib/avr25/libc.a(iob.o)
 .data          0x0000000000800060        0x0 /usr/lib/gcc/avr/4.8.2/../../../avr/lib/avr25/libc.a(ultoa_invert.o)
 .data          0x0000000000800060        0x0 /usr/lib/gcc/avr/4.8.2/avr25/libgcc.a(_exit.o)
 .data          0x0000000000800060        0x0 /usr/lib/gcc/avr/4.8.2/avr25/libgcc.a(_mulqi3.o)
 .data          0x0000000000800060        0x0 /usr/lib/gcc/avr/4.8.2/avr25/libgcc.a(_clear_bss.o)
 *(.data*)
 *(.rodata)
 .rodata        0x0000000000800060       0x11 /tmp/ccgSazeS.ltrans0.ltrans.o
 *(.rodata*)
 .rodata.str1.1
                0x0000000000800071        0x4 /tmp/ccgSazeS.ltrans0.ltrans.o
 *(.gnu.linkonce.d*)
                0x0000000000800076                . = ALIGN (0x2)
 *fill*         0x0000000000800075        0x1 
                0x0000000000800076                _edata = .
                0x0000000000800076                PROVIDE (__data_end, .)

.bss            0x0000000000800076        0x6
                0x0000000000800076                PROVIDE (__bss_start, .)
 *(.bss)
 .bss           0x0000000000800076        0x0 /usr/lib/gcc/avr/4.8.2/../../../avr/lib/avr25/crttn44.o
 .bss           0x0000000000800076        0x0 /tmp/ccgSazeS.ltrans0.ltrans.o
 .bss           0x0000000000800076        0x0 /usr/lib/gcc/avr/4.8.2/avr25/libgcc.a(_udivmodhi4.o)
 .bss           0x0000000000800076        0x0 /usr/lib/gcc/avr/4.8.2/avr25/libgcc.a(_prologue.o)
 .bss           0x0000000000800076        0x0 /usr/lib/gcc/avr/4.8.2/avr25/libgcc.a(_epilogue.o)
 .bss           0x0000000000800076        0x0 /usr/lib/gcc/avr/4.8.2/avr25/libgcc.a(_copy_data.o)
 .bss           0x0000000000800076        0x0 /usr/lib/gcc/avr/4.8.2/../../../avr/lib/avr25/libm.a(addsf3.o)
 .bss           0x0000000000800076        0x0 /usr/lib/gcc/avr/4.8.2/../../../avr/lib/avr25/libm.a(addsf3x.o)
 .bss           0x0000000000800076        0x0 /usr/lib/gcc/avr/4.8.2/../../../avr/lib/avr25/libm.a(divsf3.o)
 .bss           0x0000000000800076        0x0 /usr/lib/gcc/avr/4.8.2/../../../avr/lib/avr25/libm.a(divsf3x.o)
 .bss           0x0000000000800076        0x0 /usr/lib/gcc/avr/4.8.2/../../../avr/lib/avr25/libm.a(fixunssfsi.o)
 .bss           0x0000000000800076        0x0 /usr/lib/gcc/avr/4.8.2/../../../avr/lib/avr25/libm.a(floatsisf.o)
 .bss           0x0000000000800076        0x0 /usr/lib/gcc/avr/4.8.2/../../../avr/lib/avr25/libm.a(fp_inf.o)
 .bss           0x0000000000800076        0x0 /usr/lib/gcc/avr/4.8.2/../../../avr/lib/avr25/libm.a(fp_nan.o)
 .bss           0x0000000000800076        0x0 /usr/lib/gcc/avr/4.8.2/../../../avr/lib/avr25/libm.a(fp_pscA.o)
 .bss           0x0000000000800076        0x0 /usr/lib/gcc/avr/4.8.2/../../../avr/lib/avr25/libm.a(fp_pscB.o)
 .bss           0x0000000000800076        0x0 /usr/lib/gcc/avr/4.8.2/../../../avr/lib/avr25/libm.a(fp_round.o)
 .bss           0x0000000000800076        0x0 /usr/lib/gcc/avr/4.8.2/../../../avr/lib/avr25/libm.a(fp_split3.o)
 .bss           0x0000000000800076        0x0 /usr/lib/gcc/avr/4.8.2/../../../avr/lib/avr25/libm.a(fp_zero.o)
 .bss           0x0000000000800076        0x0 /usr/lib/gcc/avr/4.8.2/../../../avr/lib/avr25/libm.a(mulsf3.o)
 .bss           0x0000000000800076        0x0 /usr/lib/gcc/avr/4.8.2/../../../avr/lib/avr25/libm.a(mulsf3x.o)
 .bss           0x0000000000800076        0x0 /usr/lib/gcc/avr/4.8.2/../../../avr/lib/avr25/libc.a(printf.o)
 .bss           0x0000000000800076        0x0 /usr/lib/gcc/avr/4.8.2/../../../avr/lib/avr25/libc.a(vfprintf_std.o)
 .bss           0x0000000000800076        0x0 /usr/lib/gcc/avr/4.8.2/../../../avr/lib/avr25/libc.a(strnlen_P.o)
 .bss           0x0000000000800076        0x0 /usr/lib/gcc/avr/4.8.2/../../../avr/lib/avr25/libc.a(strnlen.o)
 .bss           0x0000000000800076        0x0 /usr/lib/gcc/avr/4.8.2/../../../avr/lib/avr25/libc.a(fputc.o)
 .bss           0x0000000000800076        0x0 /usr/lib/gcc/avr/4.8.2/../../../avr/lib/avr25/libc.a(iob.o)
 .bss           0x0000000000800076        0x0 /usr/lib/gcc/avr/4.8.2/../../../avr/lib/avr25/libc.a(ultoa_invert.o)
 .bss           0x0000000000800076        0x0 /usr/lib/gcc/avr/4.8.2/avr25/libgcc.a(_exit.o)
 .bss           0x0000000000800076        0x0 /usr/lib/gcc/avr/4.8.2/avr25/libgcc.a(_mulqi3.o)
 .bss           0x0000000000800076        0x0 /usr/lib/gcc/avr/4.8.2/avr25/libgcc.a(_clear_bss.o)
 *(.bss*)
 *(COMMON)
 COMMON         0x0000000000800076        0x6 /usr/lib/gcc/avr/4.8.2/../../../avr/lib/avr25/libc.a(iob.o)
                0x0000000000800076                __iob
                0x000000000080007c                PROVIDE (__bss_end, .)
                0x0000000000000ce6                __data_load_start = LOADADDR (.data)
                0x0000000000000cfc                __data_load_end = (__data_load_start + SIZEOF (.data))

.noinit         0x000000000080007c        0x0
                0x000000000080007c                PROVIDE (__noinit_start, .)
 *(.noinit*)
                0x000000000080007c                PROVIDE (__noinit_end, .)
                0x000000000080007c                _end = .
                0x000000000080007c                PROVIDE (__heap_start, .)

.eeprom         0x0000000000810000        0x0
 *(.eeprom*)
                0x0000000000810000                __eeprom_end = .

.fuse
 *(.fuse)
 *(.lfuse)
 *(.hfuse)
 *(.efuse)

.lock
 *(.lock*)

.signature
 *(.signature*)

.user_signatures
 *(.user_signatures*)

.stab           0x0000000000000000     0x49b0
 *(.stab)
 .stab          0x0000000000000000      0x6cc /usr/lib/gcc/avr/4.8.2/../../../avr/lib/avr25/crttn44.o
 .stab          0x00000000000006cc      0xc00 /tmp/ccgSazeS.ltrans0.ltrans.o
                                        0xc0c (size before relaxing)
 .stab          0x00000000000012cc       0x78 /usr/lib/gcc/avr/4.8.2/../../../avr/lib/avr25/libm.a(addsf3.o)
                                         0x84 (size before relaxing)
 .stab          0x0000000000001344      0x4bc /usr/lib/gcc/avr/4.8.2/../../../avr/lib/avr25/libm.a(addsf3x.o)
                                        0x4c8 (size before relaxing)
 .stab          0x0000000000001800       0x48 /usr/lib/gcc/avr/4.8.2/../../../avr/lib/avr25/libm.a(divsf3.o)
                                         0x54 (size before relaxing)
 .stab          0x0000000000001848      0x510 /usr/lib/gcc/avr/4.8.2/../../../avr/lib/avr25/libm.a(divsf3x.o)
                                        0x51c (size before relaxing)
 .stab          0x0000000000001d58      0x240 /usr/lib/gcc/avr/4.8.2/../../../avr/lib/avr25/libm.a(fixunssfsi.o)
                                        0x24c (size before relaxing)
 .stab          0x0000000000001f98      0x318 /usr/lib/gcc/avr/4.8.2/../../../avr/lib/avr25/libm.a(floatsisf.o)
                                        0x324 (size before relaxing)
 .stab          0x00000000000022b0       0x78 /usr/lib/gcc/avr/4.8.2/../../../avr/lib/avr25/libm.a(fp_inf.o)
                                         0x84 (size before relaxing)
 .stab          0x0000000000002328       0x54 /usr/lib/gcc/avr/4.8.2/../../../avr/lib/avr25/libm.a(fp_nan.o)
                                         0x60 (size before relaxing)
 .stab          0x000000000000237c       0x84 /usr/lib/gcc/avr/4.8.2/../../../avr/lib/avr25/libm.a(fp_pscA.o)
                                         0x90 (size before relaxing)
 .stab          0x0000000000002400       0x84 /usr/lib/gcc/avr/4.8.2/../../../avr/lib/avr25/libm.a(fp_pscB.o)
                                         0x90 (size before relaxing)
 .stab          0x0000000000002484       0xfc /usr/lib/gcc/avr/4.8.2/../../../avr/lib/avr25/libm.a(fp_round.o)
                                        0x108 (size before relaxing)
 .stab          0x0000000000002580      0x1d4 /usr/lib/gcc/avr/4.8.2/../../../avr/lib/avr25/libm.a(fp_split3.o)
                                        0x1e0 (size before relaxing)
 .stab          0x0000000000002754       0x90 /usr/lib/gcc/avr/4.8.2/../../../avr/lib/avr25/libm.a(fp_zero.o)
                                         0x9c (size before relaxing)
 .stab          0x00000000000027e4       0x48 /usr/lib/gcc/avr/4.8.2/../../../avr/lib/avr25/libm.a(mulsf3.o)
                                         0x54 (size before relaxing)
 .stab          0x000000000000282c      0x534 /usr/lib/gcc/avr/4.8.2/../../../avr/lib/avr25/libm.a(mulsf3x.o)
                                        0x540 (size before relaxing)
 .stab          0x0000000000002d60      0x4e0 /usr/lib/gcc/avr/4.8.2/../../../avr/lib/avr25/libc.a(printf.o)
                                        0x4ec (size before relaxing)
 .stab          0x0000000000003240      0xba0 /usr/lib/gcc/avr/4.8.2/../../../avr/lib/avr25/libc.a(vfprintf_std.o)
                                        0xd80 (size before relaxing)
 .stab          0x0000000000003de0       0x9c /usr/lib/gcc/avr/4.8.2/../../../avr/lib/avr25/libc.a(strnlen_P.o)
                                         0xa8 (size before relaxing)
 .stab          0x0000000000003e7c       0x9c /usr/lib/gcc/avr/4.8.2/../../../avr/lib/avr25/libc.a(strnlen.o)
                                         0xa8 (size before relaxing)
 .stab          0x0000000000003f18      0x354 /usr/lib/gcc/avr/4.8.2/../../../avr/lib/avr25/libc.a(fputc.o)
                                        0x534 (size before relaxing)
 .stab          0x000000000000426c      0x2ac /usr/lib/gcc/avr/4.8.2/../../../avr/lib/avr25/libc.a(iob.o)
                                        0x48c (size before relaxing)
 .stab          0x0000000000004518      0x498 /usr/lib/gcc/avr/4.8.2/../../../avr/lib/avr25/libc.a(ultoa_invert.o)
                                        0x4a4 (size before relaxing)

.stabstr        0x0000000000000000     0x157a
 *(.stabstr)
 .stabstr       0x0000000000000000     0x157a /usr/lib/gcc/avr/4.8.2/../../../avr/lib/avr25/crttn44.o

.stab.excl
 *(.stab.excl)

.stab.exclstr
 *(.stab.exclstr)

.stab.index
 *(.stab.index)

.stab.indexstr
 *(.stab.indexstr)

.comment        0x0000000000000000       0x11
 *(.comment)
 .comment       0x0000000000000000       0x11 /tmp/ccgSazeS.ltrans0.ltrans.o
                                         0x12 (size before relaxing)
 .comment       0x0000000000000000       0x12 /usr/lib/gcc/avr/4.8.2/../../../avr/lib/avr25/libc.a(printf.o)
 .comment       0x0000000000000000       0x12 /usr/lib/gcc/avr/4.8.2/../../../avr/lib/avr25/libc.a(vfprintf_std.o)
 .comment       0x0000000000000000       0x12 /usr/lib/gcc/avr/4.8.2/../../../avr/lib/avr25/libc.a(fputc.o)
 .comment       0x0000000000000000       0x12 /usr/lib/gcc/avr/4.8.2/../../../avr/lib/avr25/libc.a(iob.o)

.debug
 *(.debug)

.line
 *(.line)

.debug_srcinfo
 *(.debug_srcinfo)

.debug_sfnames
 *(.debug_sfnames)

.debug_aranges
 *(.debug_aranges)

.debug_pubnames
 *(.debug_pubnames)

.debug_info
 *(.debug_info)
 *(.gnu.linkonce.wi.*)

.debug_abbrev
 *(.debug_abbrev)

.debug_line
 *(.debug_line)

.debug_frame
 *(.debug_frame)

.debug_str
 *(.debug_str)

.debug_loc
 *(.debug_loc)

.debug_macinfo
 *(.debug_macinfo)

.debug_pubtypes
 *(.debug_pubtypes)

.debug_ranges
 *(.debug_ranges)

.debug_macro
 *(.debug_macro)
OUTPUT(test.elf elf32-avr)
LOAD linker stubs
